Archive member included because of file (symbol)

d:/imt/01- embedded systems avr tools/01- imt sdk/imt_sdk_win_64/winavr/bin/../lib/gcc/avr/4.3.3/avr5\libgcc.a(_mulsi3.o)
                              ./temperature.o (__mulsi3)
d:/imt/01- embedded systems avr tools/01- imt sdk/imt_sdk_win_64/winavr/bin/../lib/gcc/avr/4.3.3/avr5\libgcc.a(_udivmodhi4.o)
                              ./DC_Moto.o (__udivmodhi4)
d:/imt/01- embedded systems avr tools/01- imt sdk/imt_sdk_win_64/winavr/bin/../lib/gcc/avr/4.3.3/avr5\libgcc.a(_divmodsi4.o)
                              ./LCD.o (__divmodsi4)
d:/imt/01- embedded systems avr tools/01- imt sdk/imt_sdk_win_64/winavr/bin/../lib/gcc/avr/4.3.3/avr5\libgcc.a(_exit.o)
                              d:/imt/01- embedded systems avr tools/01- imt sdk/imt_sdk_win_64/winavr/bin/../lib/gcc/avr/4.3.3/../../../../avr/lib/avr5/crtm32.o (exit)
d:/imt/01- embedded systems avr tools/01- imt sdk/imt_sdk_win_64/winavr/bin/../lib/gcc/avr/4.3.3/avr5\libgcc.a(_copy_data.o)
                              ./ADC.o (__do_copy_data)
d:/imt/01- embedded systems avr tools/01- imt sdk/imt_sdk_win_64/winavr/bin/../lib/gcc/avr/4.3.3/avr5\libgcc.a(_clear_bss.o)
                              ./ADC.o (__do_clear_bss)
d:/imt/01- embedded systems avr tools/01- imt sdk/imt_sdk_win_64/winavr/bin/../lib/gcc/avr/4.3.3/avr5\libgcc.a(_udivmodsi4.o)
                              d:/imt/01- embedded systems avr tools/01- imt sdk/imt_sdk_win_64/winavr/bin/../lib/gcc/avr/4.3.3/avr5\libgcc.a(_divmodsi4.o) (__udivmodsi4)

Allocating common symbols
Common symbol       size              file

g_temperature       0x1               ./main.o

Memory Configuration

Name             Origin             Length             Attributes
text             0x00000000         0x00020000         xr
data             0x00800060         0x0000ffa0         rw !x
eeprom           0x00810000         0x00010000         rw !x
fuse             0x00820000         0x00000400         rw !x
lock             0x00830000         0x00000400         rw !x
signature        0x00840000         0x00000400         rw !x
*default*        0x00000000         0xffffffff

Linker script and memory map

LOAD d:/imt/01- embedded systems avr tools/01- imt sdk/imt_sdk_win_64/winavr/bin/../lib/gcc/avr/4.3.3/../../../../avr/lib/avr5/crtm32.o
LOAD ./ADC.o
LOAD ./Buzzer.o
LOAD ./DC_Moto.o
LOAD ./Exti.o
LOAD ./GPIO.o
LOAD ./Global_Program.o
LOAD ./KeyPad.o
LOAD ./LCD.o
LOAD ./LED.o
LOAD ./main.o
LOAD ./temperature.o
LOAD d:/imt/01- embedded systems avr tools/01- imt sdk/imt_sdk_win_64/winavr/bin/../lib/gcc/avr/4.3.3/avr5\libgcc.a
LOAD d:/imt/01- embedded systems avr tools/01- imt sdk/imt_sdk_win_64/winavr/bin/../lib/gcc/avr/4.3.3/../../../../avr/lib/avr5\libc.a
LOAD d:/imt/01- embedded systems avr tools/01- imt sdk/imt_sdk_win_64/winavr/bin/../lib/gcc/avr/4.3.3/avr5\libgcc.a

.hash
 *(.hash)

.dynsym
 *(.dynsym)

.dynstr
 *(.dynstr)

.gnu.version
 *(.gnu.version)

.gnu.version_d
 *(.gnu.version_d)

.gnu.version_r
 *(.gnu.version_r)

.rel.init
 *(.rel.init)

.rela.init
 *(.rela.init)

.rel.text
 *(.rel.text)
 *(.rel.text.*)
 *(.rel.gnu.linkonce.t*)

.rela.text
 *(.rela.text)
 *(.rela.text.*)
 *(.rela.gnu.linkonce.t*)

.rel.fini
 *(.rel.fini)

.rela.fini
 *(.rela.fini)

.rel.rodata
 *(.rel.rodata)
 *(.rel.rodata.*)
 *(.rel.gnu.linkonce.r*)

.rela.rodata
 *(.rela.rodata)
 *(.rela.rodata.*)
 *(.rela.gnu.linkonce.r*)

.rel.data
 *(.rel.data)
 *(.rel.data.*)
 *(.rel.gnu.linkonce.d*)

.rela.data
 *(.rela.data)
 *(.rela.data.*)
 *(.rela.gnu.linkonce.d*)

.rel.ctors
 *(.rel.ctors)

.rela.ctors
 *(.rela.ctors)

.rel.dtors
 *(.rel.dtors)

.rela.dtors
 *(.rela.dtors)

.rel.got
 *(.rel.got)

.rela.got
 *(.rela.got)

.rel.bss
 *(.rel.bss)

.rela.bss
 *(.rela.bss)

.rel.plt
 *(.rel.plt)

.rela.plt
 *(.rela.plt)

.text           0x00000000     0x1306
 *(.vectors)
 .vectors       0x00000000       0x54 d:/imt/01- embedded systems avr tools/01- imt sdk/imt_sdk_win_64/winavr/bin/../lib/gcc/avr/4.3.3/../../../../avr/lib/avr5/crtm32.o
                0x00000000                __vectors
                0x00000000                __vector_default
 *(.vectors)
 *(.progmem.gcc*)
 *(.progmem*)
                0x00000054                . = ALIGN (0x2)
                0x00000054                __trampolines_start = .
 *(.trampolines)
 .trampolines   0x00000054        0x0 linker stubs
 *(.trampolines*)
                0x00000054                __trampolines_end = .
 *(.jumptables)
 *(.jumptables*)
 *(.lowtext)
 *(.lowtext*)
                0x00000054                __ctors_start = .
 *(.ctors)
                0x00000054                __ctors_end = .
                0x00000054                __dtors_start = .
 *(.dtors)
                0x00000054                __dtors_end = .
 SORT(*)(.ctors)
 SORT(*)(.dtors)
 *(.init0)
 .init0         0x00000054        0x0 d:/imt/01- embedded systems avr tools/01- imt sdk/imt_sdk_win_64/winavr/bin/../lib/gcc/avr/4.3.3/../../../../avr/lib/avr5/crtm32.o
                0x00000054                __init
 *(.init0)
 *(.init1)
 *(.init1)
 *(.init2)
 .init2         0x00000054        0xc d:/imt/01- embedded systems avr tools/01- imt sdk/imt_sdk_win_64/winavr/bin/../lib/gcc/avr/4.3.3/../../../../avr/lib/avr5/crtm32.o
 *(.init2)
 *(.init3)
 *(.init3)
 *(.init4)
 .init4         0x00000060       0x16 d:/imt/01- embedded systems avr tools/01- imt sdk/imt_sdk_win_64/winavr/bin/../lib/gcc/avr/4.3.3/avr5\libgcc.a(_copy_data.o)
                0x00000060                __do_copy_data
 .init4         0x00000076       0x10 d:/imt/01- embedded systems avr tools/01- imt sdk/imt_sdk_win_64/winavr/bin/../lib/gcc/avr/4.3.3/avr5\libgcc.a(_clear_bss.o)
                0x00000076                __do_clear_bss
 *(.init4)
 *(.init5)
 *(.init5)
 *(.init6)
 *(.init6)
 *(.init7)
 *(.init7)
 *(.init8)
 *(.init8)
 *(.init9)
 .init9         0x00000086        0x8 d:/imt/01- embedded systems avr tools/01- imt sdk/imt_sdk_win_64/winavr/bin/../lib/gcc/avr/4.3.3/../../../../avr/lib/avr5/crtm32.o
 *(.init9)
 *(.text)
 .text          0x0000008e        0x4 d:/imt/01- embedded systems avr tools/01- imt sdk/imt_sdk_win_64/winavr/bin/../lib/gcc/avr/4.3.3/../../../../avr/lib/avr5/crtm32.o
                0x0000008e                __vector_12
                0x0000008e                __bad_interrupt
                0x0000008e                __vector_6
                0x0000008e                __vector_11
                0x0000008e                __vector_13
                0x0000008e                __vector_17
                0x0000008e                __vector_19
                0x0000008e                __vector_7
                0x0000008e                __vector_5
                0x0000008e                __vector_4
                0x0000008e                __vector_9
                0x0000008e                __vector_15
                0x0000008e                __vector_8
                0x0000008e                __vector_14
                0x0000008e                __vector_10
                0x0000008e                __vector_18
                0x0000008e                __vector_20
 .text          0x00000092        0x0 ./ADC.o
 .text          0x00000092        0x0 ./Buzzer.o
 .text          0x00000092        0x0 ./DC_Moto.o
 .text          0x00000092        0x0 ./Exti.o
 .text          0x00000092        0x0 ./GPIO.o
 .text          0x00000092        0x0 ./Global_Program.o
 .text          0x00000092        0x0 ./KeyPad.o
 .text          0x00000092        0x0 ./LCD.o
 .text          0x00000092        0x0 ./LED.o
 .text          0x00000092        0x0 ./main.o
 .text          0x00000092        0x0 ./temperature.o
 .text          0x00000092        0x0 d:/imt/01- embedded systems avr tools/01- imt sdk/imt_sdk_win_64/winavr/bin/../lib/gcc/avr/4.3.3/avr5\libgcc.a(_mulsi3.o)
 .text          0x00000092        0x0 d:/imt/01- embedded systems avr tools/01- imt sdk/imt_sdk_win_64/winavr/bin/../lib/gcc/avr/4.3.3/avr5\libgcc.a(_udivmodhi4.o)
 .text          0x00000092        0x0 d:/imt/01- embedded systems avr tools/01- imt sdk/imt_sdk_win_64/winavr/bin/../lib/gcc/avr/4.3.3/avr5\libgcc.a(_divmodsi4.o)
 .text          0x00000092        0x0 d:/imt/01- embedded systems avr tools/01- imt sdk/imt_sdk_win_64/winavr/bin/../lib/gcc/avr/4.3.3/avr5\libgcc.a(_exit.o)
 .text          0x00000092        0x0 d:/imt/01- embedded systems avr tools/01- imt sdk/imt_sdk_win_64/winavr/bin/../lib/gcc/avr/4.3.3/avr5\libgcc.a(_copy_data.o)
 .text          0x00000092        0x0 d:/imt/01- embedded systems avr tools/01- imt sdk/imt_sdk_win_64/winavr/bin/../lib/gcc/avr/4.3.3/avr5\libgcc.a(_clear_bss.o)
 .text          0x00000092        0x0 d:/imt/01- embedded systems avr tools/01- imt sdk/imt_sdk_win_64/winavr/bin/../lib/gcc/avr/4.3.3/avr5\libgcc.a(_udivmodsi4.o)
                0x00000092                . = ALIGN (0x2)
 *(.text.*)
 .text.ADC_voidInit
                0x00000092       0x1a ./ADC.o
                0x00000092                ADC_voidInit
 .text.ADC_u8StartConversionSynch
                0x000000ac       0x74 ./ADC.o
                0x000000ac                ADC_u8StartConversionSynch
 .text.ADC_u8StartConversionAsynch
                0x00000120       0x48 ./ADC.o
                0x00000120                ADC_u8StartConversionAsynch
 .text.__vector_16
                0x00000168       0x6c ./ADC.o
                0x00000168                __vector_16
 .text.Buzzer_OFF
                0x000001d4        0xc ./Buzzer.o
                0x000001d4                Buzzer_OFF
 .text.Buzzer_ON
                0x000001e0        0xc ./Buzzer.o
                0x000001e0                Buzzer_ON
 .text.Buzzer_Init
                0x000001ec        0xc ./Buzzer.o
                0x000001ec                Buzzer_Init
 .text.DC_MotorOff
                0x000001f8       0x16 ./DC_Moto.o
                0x000001f8                DC_MotorOff
 .text.DC_MotorRotate
                0x0000020e       0x28 ./DC_Moto.o
                0x0000020e                DC_MotorRotate
 .text.DC_MotorInit
                0x00000236       0x3e ./DC_Moto.o
                0x00000236                DC_MotorInit
 .text.EXTI_voidInitInt0
                0x00000274       0x14 ./Exti.o
                0x00000274                EXTI_voidInitInt0
 .text.EXTI_voidInitInt1
                0x00000288       0x14 ./Exti.o
                0x00000288                EXTI_voidInitInt1
 .text.EXTI_voidInitInt2
                0x0000029c        0xe ./Exti.o
                0x0000029c                EXTI_voidInitInt2
 .text.EXTI_SetSenseCtrl
                0x000002aa       0xac ./Exti.o
                0x000002aa                EXTI_SetSenseCtrl
 .text.EXTI_Enable
                0x00000356       0x2a ./Exti.o
                0x00000356                EXTI_Enable
 .text.EXTI_Disable
                0x00000380       0x2a ./Exti.o
                0x00000380                EXTI_Disable
 .text.EXTI_SetCallBack
                0x000003aa       0x1e ./Exti.o
                0x000003aa                EXTI_SetCallBack
 .text.__vector_1
                0x000003c8       0x52 ./Exti.o
                0x000003c8                __vector_1
 .text.__vector_2
                0x0000041a       0x52 ./Exti.o
                0x0000041a                __vector_2
 .text.__vector_3
                0x0000046c       0x52 ./Exti.o
                0x0000046c                __vector_3
 .text.DioSetPinDirection
                0x000004be       0xec ./GPIO.o
                0x000004be                DioSetPinDirection
 .text.DioSetPinValue
                0x000005aa       0xec ./GPIO.o
                0x000005aa                DioSetPinValue
 .text.DioGetPinValue
                0x00000696       0x4e ./GPIO.o
                0x00000696                DioGetPinValue
 .text.DioSetPortDirection
                0x000006e4       0x22 ./GPIO.o
                0x000006e4                DioSetPortDirection
 .text.DioSetPortValue
                0x00000706       0x22 ./GPIO.o
                0x00000706                DioSetPortValue
 .text.DioTogglePinValue
                0x00000728       0x6e ./GPIO.o
                0x00000728                DioTogglePinValue
 .text.GLobalInterruptEnable
                0x00000796        0x8 ./Global_Program.o
                0x00000796                GLobalInterruptEnable
 .text.GLobalInterruptDisable
                0x0000079e        0x8 ./Global_Program.o
                0x0000079e                GLobalInterruptDisable
 .text.KeyPadGetPressedKey
                0x000007a6       0xf4 ./KeyPad.o
                0x000007a6                KeyPadGetPressedKey
 .text.keyPad_Init
                0x0000089a       0x12 ./KeyPad.o
                0x0000089a                keyPad_Init
 .text.voidSetLCDHalfDataPort
                0x000008ac       0x40 ./LCD.o
 .text.voidSendEnablePulse
                0x000008ec       0x1e ./LCD.o
 .text.LCD_voidSendData
                0x0000090a       0x2a ./LCD.o
                0x0000090a                LCD_voidSendData
 .text.LCD_voidSendNumber
                0x00000934       0xe6 ./LCD.o
                0x00000934                LCD_voidSendNumber
 .text.LCD_SendString
                0x00000a1a       0x2a ./LCD.o
                0x00000a1a                LCD_SendString
 .text.LCD_voidSendCmd
                0x00000a44       0x2a ./LCD.o
                0x00000a44                LCD_voidSendCmd
 .text.LCD_voidGoToXY
                0x00000a6e       0x12 ./LCD.o
                0x00000a6e                LCD_voidGoToXY
 .text.LCD_voidSendHex
                0x00000a80      0x1ec ./LCD.o
                0x00000a80                LCD_voidSendHex
 .text.LCD_voidSendBinary
                0x00000c6c       0xa2 ./LCD.o
                0x00000c6c                LCD_voidSendBinary
 .text.LCD_voidSendSpecialChar
                0x00000d0e       0x5a ./LCD.o
                0x00000d0e                LCD_voidSendSpecialChar
 .text.LCD_voidInit
                0x00000d68       0x84 ./LCD.o
                0x00000d68                LCD_voidInit
 .text.LED_OFF  0x00000dec       0x1e ./LED.o
                0x00000dec                LED_OFF
 .text.LED_ON   0x00000e0a       0x96 ./LED.o
                0x00000e0a                LED_ON
 .text.LED_Init
                0x00000ea0       0x1e ./LED.o
                0x00000ea0                LED_Init
 .text.LED      0x00000ebe       0x90 ./main.o
                0x00000ebe                LED
 .text.home_screen
                0x00000f4e       0x20 ./main.o
                0x00000f4e                home_screen
 .text.welcome_ms
                0x00000f6e       0x2a ./main.o
                0x00000f6e                welcome_ms
 .text.home_login
                0x00000f98      0x18c ./main.o
                0x00000f98                home_login
 .text.Fan      0x00001124       0x94 ./main.o
                0x00001124                Fan
 .text.main     0x000011b8       0x2a ./main.o
                0x000011b8                main
 .text.Get_temperature
                0x000011e2       0x40 ./temperature.o
                0x000011e2                Get_temperature
 .text.libgcc   0x00001222       0x3e d:/imt/01- embedded systems avr tools/01- imt sdk/imt_sdk_win_64/winavr/bin/../lib/gcc/avr/4.3.3/avr5\libgcc.a(_mulsi3.o)
                0x00001222                __mulsi3
 .text.libgcc   0x00001260       0x28 d:/imt/01- embedded systems avr tools/01- imt sdk/imt_sdk_win_64/winavr/bin/../lib/gcc/avr/4.3.3/avr5\libgcc.a(_udivmodhi4.o)
                0x00001260                __udivmodhi4
 .text.libgcc   0x00001288       0x36 d:/imt/01- embedded systems avr tools/01- imt sdk/imt_sdk_win_64/winavr/bin/../lib/gcc/avr/4.3.3/avr5\libgcc.a(_divmodsi4.o)
                0x00001288                __divmodsi4
 .text.libgcc   0x000012be        0x0 d:/imt/01- embedded systems avr tools/01- imt sdk/imt_sdk_win_64/winavr/bin/../lib/gcc/avr/4.3.3/avr5\libgcc.a(_exit.o)
 .text.libgcc   0x000012be        0x0 d:/imt/01- embedded systems avr tools/01- imt sdk/imt_sdk_win_64/winavr/bin/../lib/gcc/avr/4.3.3/avr5\libgcc.a(_copy_data.o)
 .text.libgcc   0x000012be        0x0 d:/imt/01- embedded systems avr tools/01- imt sdk/imt_sdk_win_64/winavr/bin/../lib/gcc/avr/4.3.3/avr5\libgcc.a(_clear_bss.o)
 .text.libgcc   0x000012be       0x44 d:/imt/01- embedded systems avr tools/01- imt sdk/imt_sdk_win_64/winavr/bin/../lib/gcc/avr/4.3.3/avr5\libgcc.a(_udivmodsi4.o)
                0x000012be                __udivmodsi4
                0x00001302                . = ALIGN (0x2)
 *(.fini9)
 .fini9         0x00001302        0x0 d:/imt/01- embedded systems avr tools/01- imt sdk/imt_sdk_win_64/winavr/bin/../lib/gcc/avr/4.3.3/avr5\libgcc.a(_exit.o)
                0x00001302                exit
                0x00001302                _exit
 *(.fini9)
 *(.fini8)
 *(.fini8)
 *(.fini7)
 *(.fini7)
 *(.fini6)
 *(.fini6)
 *(.fini5)
 *(.fini5)
 *(.fini4)
 *(.fini4)
 *(.fini3)
 *(.fini3)
 *(.fini2)
 *(.fini2)
 *(.fini1)
 *(.fini1)
 *(.fini0)
 .fini0         0x00001302        0x4 d:/imt/01- embedded systems avr tools/01- imt sdk/imt_sdk_win_64/winavr/bin/../lib/gcc/avr/4.3.3/avr5\libgcc.a(_exit.o)
 *(.fini0)
                0x00001306                _etext = .

.data           0x00800060       0x9a load address 0x00001306
                0x00800060                PROVIDE (__data_start, .)
 *(.data)
 .data          0x00800060        0x0 d:/imt/01- embedded systems avr tools/01- imt sdk/imt_sdk_win_64/winavr/bin/../lib/gcc/avr/4.3.3/../../../../avr/lib/avr5/crtm32.o
 .data          0x00800060        0x0 ./ADC.o
 .data          0x00800060        0x0 ./Buzzer.o
 .data          0x00800060        0x0 ./DC_Moto.o
 .data          0x00800060        0x0 ./Exti.o
 .data          0x00800060        0x0 ./GPIO.o
 .data          0x00800060        0x0 ./Global_Program.o
 .data          0x00800060        0x0 ./KeyPad.o
 .data          0x00800060       0x1b ./LCD.o
 .data          0x0080007b        0x0 ./LED.o
 .data          0x0080007b       0x5f ./main.o
 .data          0x008000da        0x0 ./temperature.o
 .data          0x008000da        0x0 d:/imt/01- embedded systems avr tools/01- imt sdk/imt_sdk_win_64/winavr/bin/../lib/gcc/avr/4.3.3/avr5\libgcc.a(_mulsi3.o)
 .data          0x008000da        0x0 d:/imt/01- embedded systems avr tools/01- imt sdk/imt_sdk_win_64/winavr/bin/../lib/gcc/avr/4.3.3/avr5\libgcc.a(_udivmodhi4.o)
 .data          0x008000da        0x0 d:/imt/01- embedded systems avr tools/01- imt sdk/imt_sdk_win_64/winavr/bin/../lib/gcc/avr/4.3.3/avr5\libgcc.a(_divmodsi4.o)
 .data          0x008000da        0x0 d:/imt/01- embedded systems avr tools/01- imt sdk/imt_sdk_win_64/winavr/bin/../lib/gcc/avr/4.3.3/avr5\libgcc.a(_exit.o)
 .data          0x008000da        0x0 d:/imt/01- embedded systems avr tools/01- imt sdk/imt_sdk_win_64/winavr/bin/../lib/gcc/avr/4.3.3/avr5\libgcc.a(_copy_data.o)
 .data          0x008000da        0x0 d:/imt/01- embedded systems avr tools/01- imt sdk/imt_sdk_win_64/winavr/bin/../lib/gcc/avr/4.3.3/avr5\libgcc.a(_clear_bss.o)
 .data          0x008000da        0x0 d:/imt/01- embedded systems avr tools/01- imt sdk/imt_sdk_win_64/winavr/bin/../lib/gcc/avr/4.3.3/avr5\libgcc.a(_udivmodsi4.o)
 *(.data*)
 .data.ADC_u8BusyFlag
                0x008000da        0x1 ./ADC.o
 *(.rodata)
 *(.rodata*)
 .rodata.Local_uKPDArr.1223
                0x008000db       0x10 ./KeyPad.o
 .rodata.Local_u8ColArr.1221
                0x008000eb        0x4 ./KeyPad.o
 .rodata.g_ID   0x008000ef        0x5 ./main.o
                0x008000ef                g_ID
 .rodata.g_pass
                0x008000f4        0x5 ./main.o
                0x008000f4                g_pass
 *(.gnu.linkonce.d*)
                0x008000fa                . = ALIGN (0x2)
 *fill*         0x008000f9        0x1 00
                0x008000fa                _edata = .
                0x008000fa                PROVIDE (__data_end, .)

.bss            0x008000fa        0xc
                0x008000fa                PROVIDE (__bss_start, .)
 *(.bss)
 .bss           0x008000fa        0x0 d:/imt/01- embedded systems avr tools/01- imt sdk/imt_sdk_win_64/winavr/bin/../lib/gcc/avr/4.3.3/../../../../avr/lib/avr5/crtm32.o
 .bss           0x008000fa        0x0 ./ADC.o
 .bss           0x008000fa        0x0 ./Buzzer.o
 .bss           0x008000fa        0x0 ./DC_Moto.o
 .bss           0x008000fa        0x0 ./Exti.o
 .bss           0x008000fa        0x0 ./GPIO.o
 .bss           0x008000fa        0x0 ./Global_Program.o
 .bss           0x008000fa        0x0 ./KeyPad.o
 .bss           0x008000fa        0x0 ./LCD.o
 .bss           0x008000fa        0x0 ./LED.o
 .bss           0x008000fa        0x0 ./main.o
 .bss           0x008000fa        0x0 ./temperature.o
 .bss           0x008000fa        0x0 d:/imt/01- embedded systems avr tools/01- imt sdk/imt_sdk_win_64/winavr/bin/../lib/gcc/avr/4.3.3/avr5\libgcc.a(_mulsi3.o)
 .bss           0x008000fa        0x0 d:/imt/01- embedded systems avr tools/01- imt sdk/imt_sdk_win_64/winavr/bin/../lib/gcc/avr/4.3.3/avr5\libgcc.a(_udivmodhi4.o)
 .bss           0x008000fa        0x0 d:/imt/01- embedded systems avr tools/01- imt sdk/imt_sdk_win_64/winavr/bin/../lib/gcc/avr/4.3.3/avr5\libgcc.a(_divmodsi4.o)
 .bss           0x008000fa        0x0 d:/imt/01- embedded systems avr tools/01- imt sdk/imt_sdk_win_64/winavr/bin/../lib/gcc/avr/4.3.3/avr5\libgcc.a(_exit.o)
 .bss           0x008000fa        0x0 d:/imt/01- embedded systems avr tools/01- imt sdk/imt_sdk_win_64/winavr/bin/../lib/gcc/avr/4.3.3/avr5\libgcc.a(_copy_data.o)
 .bss           0x008000fa        0x0 d:/imt/01- embedded systems avr tools/01- imt sdk/imt_sdk_win_64/winavr/bin/../lib/gcc/avr/4.3.3/avr5\libgcc.a(_clear_bss.o)
 .bss           0x008000fa        0x0 d:/imt/01- embedded systems avr tools/01- imt sdk/imt_sdk_win_64/winavr/bin/../lib/gcc/avr/4.3.3/avr5\libgcc.a(_udivmodsi4.o)
 *(.bss*)
 .bss.ADC_pu16ConversionResult
                0x008000fa        0x2 ./ADC.o
 .bss.ADC_pvNotificationFunc
                0x008000fc        0x2 ./ADC.o
 .bss.EXTI_pfINTFunctionPtr
                0x008000fe        0x6 ./Exti.o
 .bss.g_led     0x00800104        0x1 ./main.o
 *(COMMON)
 COMMON         0x00800105        0x1 ./main.o
                0x00800105                g_temperature
                0x00800106                PROVIDE (__bss_end, .)
                0x00001306                __data_load_start = LOADADDR (.data)
                0x000013a0                __data_load_end = (__data_load_start + SIZEOF (.data))

.noinit         0x00800106        0x0
                0x00800106                PROVIDE (__noinit_start, .)
 *(.noinit*)
                0x00800106                PROVIDE (__noinit_end, .)
                0x00800106                _end = .
                0x00800106                PROVIDE (__heap_start, .)

.eeprom         0x00810000        0x0
 *(.eeprom*)
                0x00810000                __eeprom_end = .

.fuse
 *(.fuse)
 *(.lfuse)
 *(.hfuse)
 *(.efuse)

.lock
 *(.lock*)

.signature
 *(.signature*)

.stab
 *(.stab)

.stabstr
 *(.stabstr)

.stab.excl
 *(.stab.excl)

.stab.exclstr
 *(.stab.exclstr)

.stab.index
 *(.stab.index)

.stab.indexstr
 *(.stab.indexstr)

.comment
 *(.comment)

.debug
 *(.debug)

.line
 *(.line)

.debug_srcinfo
 *(.debug_srcinfo)

.debug_sfnames
 *(.debug_sfnames)

.debug_aranges
 *(.debug_aranges)

.debug_pubnames
 *(.debug_pubnames)

.debug_info
 *(.debug_info)
 *(.gnu.linkonce.wi.*)

.debug_abbrev
 *(.debug_abbrev)

.debug_line
 *(.debug_line)

.debug_frame
 *(.debug_frame)

.debug_str
 *(.debug_str)

.debug_loc
 *(.debug_loc)

.debug_macinfo
 *(.debug_macinfo)
OUTPUT(Semi_SmartHome.elf elf32-avr)
LOAD linker stubs
